==================================
   P1 0.3: tests/test-suite.log
==================================

# TOTAL: 1
# PASS:  0
# SKIP:  0
# XFAIL: 0
# FAIL:  1
# XPASS: 0
# ERROR: 0

.. contents:: :depth: 2

FAIL: check_main_check
======================

/home/jaz/Documents/MYP/MYP-P1/tests/.libs/lt-check_main_check: error while loading shared libraries: libmain_check.so.0: cannot open shared object file: No such file or directory

